Microchip MPLAB XC8 Compiler V1.11 ()

Linker command line:

--edf=C:\Program Files (x86)\Microchip\xc8\v1.11\dat\en_msgs.txt -cs \
  -h+dist/default/production\PIC18_SPI_Examples.X.production.sym -z \
  -Q18F24K20 -ol.obj \
  -Mdist/default/production/PIC18_SPI_Examples.X.production.map -E1 \
  -ver=XC8 -ACODE=00h-03FFFh -ACONST=00h-03FFFh -ASMALLCONST=0300h-03FFhx61 \
  -AMEDIUMCONST=0300h-03FFFh -ACOMRAM=01h-05Fh -AABS1=00h-02FFh \
  -ABIGRAM=01h-02FFh -ARAM=060h-0FFh,0100h-01FFhx2 -ABANK0=060h-0FFh \
  -ABANK1=0100h-01FFh -ABANK2=0200h-02FFh -ASFR=0F60h-0FFFh \
  -preset_vec=00h,intcode,intcodelo,powerup,init,end_init -pramtop=0300h \
  -psmallconst=SMALLCONST -pmediumconst=MEDIUMCONST -pconst=CONST \
  -AFARRAM=00h-00h -ACONFIG=0300000h-030000Dh -pconfig=CONFIG \
  -AIDLOC=0200000h-0200007h -pidloc=IDLOC -AEEDATA=0F00000h-0F000FFh \
  -peeprom_data=EEDATA \
  -prdata=COMRAM,nvrram=COMRAM,nvbit=COMRAM,rbss=COMRAM,rbit=COMRAM \
  -pfarbss=FARRAM,fardata=FARRAM \
  -pintsave_regs=BIGRAM,bigbss=BIGRAM,bigdata=BIGRAM -pbss=RAM \
  -pidata=CODE,irdata=CODE,ibigdata=CODE,ifardata=CODE \
  C:\Users\c07285\AppData\Local\Temp\s2m94.obj \
  dist/default/production\PIC18_SPI_Examples.X.production.obj 

Object code version is 3.10

Machine type is 18F24K20

Call graph: (short form)




                Name                               Link     Load   Length Selector   Space Scale
C:\Users\c07285\AppData\Local\Temp\s2m94.obj
                end_init                              0        0        4        0       0
                idloc                            200000   200000        8   200000       0
                config                           300000   300000        E   300000       0
dist/default/production\PIC18_SPI_Examples.X.production.obj
                text10                             3DAE     3DAE        E     1ED7       0
                text9                              3DE6     3DE6       1C     1EF3       0
                text8                              3E3A     3E3A       24     1F1D       0
                text7                              3F1A     3F1A       50     1F8D       0
                text6                              3DCE     3DCE       18     1EE7       0
                text5                              3E02     3E02       1C     1F01       0
                text4                              3E84     3E84       28     1F42       0
                text3                              3EAC     3EAC       2E     1F56       0
                text2                              3E1E     3E1E       1C     1F0F       0
                text1                              3EDA     3EDA       40     1F6D       0
                text0                              3F6A     3F6A       96     1FB5       0
                cstackCOMRAM                          1        1       35        1       1
                dataCOMRAM                           36       36       11        1       1
                cinit                              3E5E     3E5E       26     1F2F       0
                idataCOMRAM                        3DBD     3DBD       11     3DBD       0

TOTAL           Name                               Link     Load   Length     Space
        CLASS   CODE           
                end_init                              0        0        4         0
                text10                             3DAE     3DAE        E         0
                text9                              3DE6     3DE6       1C         0
                text8                              3E3A     3E3A       24         0
                text7                              3F1A     3F1A       50         0
                text6                              3DCE     3DCE       18         0
                text5                              3E02     3E02       1C         0
                text4                              3E84     3E84       28         0
                text3                              3EAC     3EAC       2E         0
                text2                              3E1E     3E1E       1C         0
                text1                              3EDA     3EDA       40         0
                text0                              3F6A     3F6A       96         0
                cinit                              3E5E     3E5E       26         0
                idataCOMRAM                        3DBD     3DBD       11         0

        CLASS   CONST          

        CLASS   SMALLCONST     

        CLASS   MEDIUMCONST    

        CLASS   COMRAM         
                cstackCOMRAM                          1        1       35         1
                dataCOMRAM                           36       36       11         1

        CLASS   ABS1           

        CLASS   BIGRAM         

        CLASS   RAM            

        CLASS   BANK0          

        CLASS   BANK1          

        CLASS   BANK2          

        CLASS   SFR            

        CLASS   FARRAM         

        CLASS   CONFIG         
                config                           300000   300000        E         0

        CLASS   IDLOC          
                idloc                            200000   200000        8         0

        CLASS   EEDATA         



SEGMENTS        Name                           Load    Length   Top    Selector   Space  Class

                reset_vec                      000000  000004  000004         0       0  CODE    
                cstackCOMRAM                   000001  000046  000047         1       1  COMRAM  
                text10                         003DAE  00000E  003DBC      1ED7       0  CODE    
                idataCOMRAM                    003DBD  000011  003DCE      3DBD       0  CODE    
                text6                          003DCE  000018  003DE6      1EE7       0  CODE    
                text9                          003DE6  00001C  003E02      1EF3       0  CODE    
                text5                          003E02  00001C  003E1E      1F01       0  CODE    
                text2                          003E1E  00001C  003E3A      1F0F       0  CODE    
                text8                          003E3A  000024  003E5E      1F1D       0  CODE    
                cinit                          003E5E  000026  003E84      1F2F       0  CODE    
                text4                          003E84  000028  003EAC      1F42       0  CODE    
                text3                          003EAC  00002E  003EDA      1F56       0  CODE    
                text1                          003EDA  000040  003F1A      1F6D       0  CODE    
                text7                          003F1A  000050  003F6A      1F8D       0  CODE    
                text0                          003F6A  000096  004000      1FB5       0  CODE    
                idloc                          200000  000008  200008    200000       0  IDLOC   
                config                         300000  00000E  30000E    300000       0  CONFIG  


UNUSED ADDRESS RANGES

        Name                Unused          Largest block    Delta
        BANK0            000060-0000FF               A0
        BANK1            000100-0001FF              100
        BANK2            000200-0002FF              100
        BIGRAM           000047-0002FF              2B9
        CODE             000004-003DAD             3DAA
                         003DBC-003DBC                1
        COMRAM           000047-00005F               19
        CONST            000004-003DAD             3DAA
                         003DBC-003DBC                1
        EEDATA           F00000-F000FF              100
        MEDIUMCONST      000300-003DAD             3AAE
                         003DBC-003DBC                1
        RAM              000060-0002FF              100
        SFR              000F60-000FFF               A0
        SMALLCONST       000300-003DAD              100
                         003DBC-003DBC                1

                                  Symbol Table

?_OpenSPI                          cstackCOMRAM 000001
?_Read_Multiple_SPI_Bytes          cstackCOMRAM 000002
?_Read_SPI_Byte                    cstackCOMRAM 000002
?_Read_SPI_StatusReg               cstackCOMRAM 000002
?_Write_SPI_Byte                   cstackCOMRAM 000006
?_Write_SPI_Page                   cstackCOMRAM 000002
?_getsSPI                          cstackCOMRAM 000001
OpenSPI@bus_mode                   cstackCOMRAM 000001
OpenSPI@smp_phase                  cstackCOMRAM 000002
OpenSPI@sync_mode                  cstackCOMRAM 000003
Read_Multiple_SPI_Bytes@address    cstackCOMRAM 000002
Read_Multiple_SPI_Bytes@address_hi cstackCOMRAM 000004
Read_Multiple_SPI_Bytes@address_lo cstackCOMRAM 000005
Read_SPI_Byte@address              cstackCOMRAM 000002
Read_SPI_Byte@address_hi           cstackCOMRAM 000005
Read_SPI_Byte@address_lo           cstackCOMRAM 000006
Read_SPI_Byte@data_read            cstackCOMRAM 000004
Read_SPI_StatusReg@data_read       cstackCOMRAM 000004
WriteSPI@data_out                  cstackCOMRAM 000001
Write_SPI_Byte@address             cstackCOMRAM 000006
Write_SPI_Byte@address_hi          cstackCOMRAM 00000A
Write_SPI_Byte@address_lo          cstackCOMRAM 00000B
Write_SPI_Byte@data                cstackCOMRAM 000008
Write_SPI_Page@address             cstackCOMRAM 000002
Write_SPI_Page@address_hi          cstackCOMRAM 000004
Write_SPI_Page@address_lo          cstackCOMRAM 000005
_ANSEL                             (abs)        000F7E
_LATAbits                          (abs)        000F89
_OSCCONbits                        (abs)        000FD3
_OpenSPI                           text7        003F1A
_PIR1bits                          (abs)        000F9E
_ReadSPI                           text10       003DAE
_Read_Multiple_SPI_Bytes           text5        003E02
_Read_SPI_Byte                     text4        003E84
_Read_SPI_StatusReg                text2        003E1E
_SSPBUF                            (abs)        000FC9
_SSPCON1                           (abs)        000FC6
_SSPCON1bits                       (abs)        000FC6
_SSPSTAT                           (abs)        000FC7
_SSPSTATbits                       (abs)        000FC7
_TRISAbits                         (abs)        000F92
_TRISCbits                         (abs)        000F94
_WriteSPI                          text6        003DCE
_Write_SPI_Byte                    text1        003EDA
_Write_SPI_Page                    text3        003EAC
__CFG_BOREN$OFF                    (abs)        000000
__CFG_BORV$27                      (abs)        000000
__CFG_CCP2MX$PORTBE                (abs)        000000
__CFG_CP0$OFF                      (abs)        000000
__CFG_CP1$OFF                      (abs)        000000
__CFG_CPD$OFF                      (abs)        000000
__CFG_FCMEN$OFF                    (abs)        000000
__CFG_FOSC$INTIO67                 (abs)        000000
__CFG_IESO$OFF                     (abs)        000000
__CFG_LVP$OFF                      (abs)        000000
__CFG_PBADEN$OFF                   (abs)        000000
__CFG_STVREN$ON                    (abs)        000000
__CFG_WDTEN$OFF                    (abs)        000000
__HRAM                             (abs)        000000
__Habs1                            abs1         000000
__Hbank0                           bank0        000000
__Hbank1                           bank1        000000
__Hbank2                           bank2        000000
__Hbigbss                          bigbss       000000
__Hbigdata                         bigdata      000000
__Hbigram                          bigram       000000
__Hbss                             bss          000000
__Hcinit                           cinit        000000
__Hclrtext                         clrtext      000000
__Hcomram                          comram       000000
__Hconfig                          config       30000E
__Hconst                           const        000000
__HcstackCOMRAM                    cstackCOMRAM 000000
__Hdata                            data         000000
__HdataCOMRAM                      dataCOMRAM   000000
__Heeprom_data                     eeprom_data  000000
__Hend_init                        end_init     000004
__Hfarbss                          farbss       000000
__Hfardata                         fardata      000000
__Hibigdata                        ibigdata     000000
__Hidata                           idata        000000
__HidataCOMRAM                     idataCOMRAM  000000
__Hidloc                           idloc        200008
__Hifardata                        ifardata     000000
__Hinit                            init         000000
__Hintcode                         intcode      000000
__Hintcode_body                    intcode_body 000000
__Hintcodelo                       intcodelo    000000
__Hintentry                        intentry     000000
__Hintret                          intret       000000
__Hintsave_regs                    intsave_regs 000000
__Hirdata                          irdata       000000
__Hmediumconst                     mediumconst  000000
__Hnvbit                           nvbit        000000
__Hnvrram                          nvrram       000000
__Hparam                           rparam       000000
__Hpowerup                         powerup      000000
__Hram                             ram          000000
__Hramtop                          ramtop       000300
__Hrbit                            rbit         000000
__Hrbss                            rbss         000000
__Hrdata                           rdata        000000
__Hreset_vec                       reset_vec    000000
__Hrparam                          rparam       000000
__Hsfr                             sfr          000000
__Hsmallconst                      smallconst   000000
__Hstruct                          struct       000000
__Htemp                            temp         000000
__Htext                            text         000000
__Htext0                           text0        000000
__Htext1                           text1        000000
__Htext10                          text10       000000
__Htext11                          text11       000000
__Htext2                           text2        000000
__Htext3                           text3        000000
__Htext4                           text4        000000
__Htext5                           text5        000000
__Htext6                           text6        000000
__Htext7                           text7        000000
__Htext8                           text8        000000
__Htext9                           text9        000000
__LRAM                             (abs)        000001
__Labs1                            abs1         000000
__Lbank0                           bank0        000000
__Lbank1                           bank1        000000
__Lbank2                           bank2        000000
__Lbigbss                          bigbss       000000
__Lbigdata                         bigdata      000000
__Lbigram                          bigram       000000
__Lbss                             bss          000000
__Lcinit                           cinit        000000
__Lclrtext                         clrtext      000000
__Lcomram                          comram       000000
__Lconfig                          config       300000
__Lconst                           const        000000
__LcstackCOMRAM                    cstackCOMRAM 000000
__Ldata                            data         000000
__LdataCOMRAM                      dataCOMRAM   000000
__Leeprom_data                     eeprom_data  000000
__Lend_init                        end_init     000000
__Lfarbss                          farbss       000000
__Lfardata                         fardata      000000
__Libigdata                        ibigdata     000000
__Lidata                           idata        000000
__LidataCOMRAM                     idataCOMRAM  000000
__Lidloc                           idloc        200000
__Lifardata                        ifardata     000000
__Linit                            init         000000
__Lintcode                         intcode      000000
__Lintcode_body                    intcode_body 000000
__Lintcodelo                       intcodelo    000000
__Lintentry                        intentry     000000
__Lintret                          intret       000000
__Lintsave_regs                    intsave_regs 000000
__Lirdata                          irdata       000000
__Lmediumconst                     mediumconst  000000
__Lnvbit                           nvbit        000000
__Lnvrram                          nvrram       000000
__Lparam                           rparam       000000
__Lpowerup                         powerup      000000
__Lram                             ram          000000
__Lramtop                          ramtop       000300
__Lrbit                            rbit         000000
__Lrbss                            rbss         000000
__Lrdata                           rdata        000000
__Lreset_vec                       reset_vec    000000
__Lrparam                          rparam       000000
__Lsfr                             sfr          000000
__Lsmallconst                      smallconst   000000
__Lstruct                          struct       000000
__Ltemp                            temp         000000
__Ltext                            text         000000
__Ltext0                           text0        000000
__Ltext1                           text1        000000
__Ltext10                          text10       000000
__Ltext11                          text11       000000
__Ltext2                           text2        000000
__Ltext3                           text3        000000
__Ltext4                           text4        000000
__Ltext5                           text5        000000
__Ltext6                           text6        000000
__Ltext7                           text7        000000
__Ltext8                           text8        000000
__Ltext9                           text9        000000
__S0                               (abs)        30000E
__S1                               (abs)        000047
__accesstop                        (abs)        000060
__activetblptr                     (abs)        000000
__end_of_OpenSPI                   text7        003F6A
__end_of_ReadSPI                   text10       003DBC
__end_of_Read_Multiple_SPI_Bytes   text5        003E1E
__end_of_Read_SPI_Byte             text4        003EAC
__end_of_Read_SPI_StatusReg        text2        003E3A
__end_of_WriteSPI                  text6        003DE6
__end_of_Write_SPI_Byte            text1        003F1A
__end_of_Write_SPI_Page            text3        003EDA
__end_of__initialization           cinit        003E7E
__end_of_getsSPI                   text9        003E02
__end_of_main                      text1        003EDA
__end_of_putsSPI                   text8        003E5E
__initialization                   cinit        003E5E
__mediumconst                      mediumconst  000000
__pcinit                           cinit        003E5E
__pcstackCOMRAM                    cstackCOMRAM 000001
__pdataCOMRAM                      dataCOMRAM   000036
__pidataCOMRAM                     idataCOMRAM  003DBD
__ptext0                           text0        003F6A
__ptext1                           text1        003EDA
__ptext10                          text10       003DAE
__ptext11                          text11       000000
__ptext2                           text2        003E1E
__ptext3                           text3        003EAC
__ptext4                           text4        003E84
__ptext5                           text5        003E02
__ptext6                           text6        003DCE
__ptext7                           text7        003F1A
__ptext8                           text8        003E3A
__ptext9                           text9        003DE6
__ramtop                           ramtop       000300
__size_of_OpenSPI                  (abs)        000000
__size_of_ReadSPI                  (abs)        000000
__size_of_Read_Multiple_SPI_Bytes  (abs)        000000
__size_of_Read_SPI_Byte            (abs)        000000
__size_of_Read_SPI_StatusReg       (abs)        000000
__size_of_WriteSPI                 (abs)        000000
__size_of_Write_SPI_Byte           (abs)        000000
__size_of_Write_SPI_Page           (abs)        000000
__size_of_getsSPI                  (abs)        000000
__size_of_main                     (abs)        000000
__size_of_putsSPI                  (abs)        000000
__smallconst                       smallconst   000000
_getsSPI                           text9        003DE6
_main                              text0        003F6A
_putsSPI                           text8        003E3A
end_of_initialization              cinit        003E7E
getsSPI@length                     cstackCOMRAM 000001
getsSPI@rdptr                      cstackCOMRAM 000002
intlevel0                          text         000000
intlevel1                          text         000000
intlevel2                          text         000000
intlevel3                          text         000000
main@F3878                         dataCOMRAM   000036
main@data_string                   cstackCOMRAM 000020
main@eeprom_address                cstackCOMRAM 000035
main@eeprom_data                   cstackCOMRAM 000034
main@incoming_data_string          cstackCOMRAM 00000C
putsSPI@wrptr                      cstackCOMRAM 000001
start                              init         000000
start_initialization               cinit        003E5E


FUNCTION INFORMATION:

 *************** function _main *****************
 Defined at:
		line 173 in file "../PIC18_SPI_Examples.c"
 Parameters:    Size  Location     Type
		None
 Auto vars:     Size  Location     Type
  incoming_dat   20   11[COMRAM] unsigned char [20]
  data_string    17   31[COMRAM] unsigned char [17]
  eeprom_addre    1   52[COMRAM] volatile unsigned char 
  eeprom_data     1   51[COMRAM] volatile unsigned char 
  smp_phase       1    0        unsigned char 
  bus_mode        1    0        unsigned char 
  sync_mode       1    0        unsigned char 
 Return value:  Size  Location     Type
		None               void
 Registers used:
		wreg, fsr1l, fsr1h, fsr2l, fsr2h, status,2, status,0, cstack
 Tracked objects:
		On entry : 
		On exit  : 
		Unchanged: 
 Data sizes:     COMRAM   BANK0   BANK1   BANK2
      Params:         0       0       0       0
      Locals:        42       0       0       0
      Temps:          0       0       0       0
      Totals:        42       0       0       0
Total ram usage:       42 bytes
 Hardware stack levels required when called:    3
 This function calls:
		_OpenSPI
		_Write_SPI_Byte
		_Read_SPI_Byte
		_Write_SPI_Page
		_putsSPI
		_Read_SPI_StatusReg
		_Read_Multiple_SPI_Bytes
		_getsSPI
 This function is called by:
		Startup code after reset
 This function uses a non-reentrant model


 *************** function _Write_SPI_Byte *****************
 Defined at:
		line 54 in file "../PIC18_SPI_Examples.c"
 Parameters:    Size  Location     Type
  address         2    5[COMRAM] unsigned int 
  data            2    7[COMRAM] unsigned int 
 Auto vars:     Size  Location     Type
  address_lo      1   10[COMRAM] unsigned char 
  address_hi      1    9[COMRAM] unsigned char 
 Return value:  Size  Location     Type
		None               void
 Registers used:
		wreg, status,2, cstack
 Tracked objects:
		On entry : 
		On exit  : 
		Unchanged: 
 Data sizes:     COMRAM   BANK0   BANK1   BANK2
      Params:         4       0       0       0
      Locals:         2       0       0       0
      Temps:          0       0       0       0
      Totals:         6       0       0       0
Total ram usage:        6 bytes
 Hardware stack levels used:    1
 Hardware stack levels required when called:    2
 This function calls:
		_WriteSPI
		_Read_SPI_StatusReg
 This function is called by:
		_main
 This function uses a non-reentrant model


 *************** function _Read_SPI_StatusReg *****************
 Defined at:
		line 42 in file "../PIC18_SPI_Examples.c"
 Parameters:    Size  Location     Type
		None
 Auto vars:     Size  Location     Type
  data_read       2    3[COMRAM] unsigned int 
 Return value:  Size  Location     Type
                  2    1[COMRAM] unsigned int 
 Registers used:
		wreg, status,2, cstack
 Tracked objects:
		On entry : 
		On exit  : 
		Unchanged: 
 Data sizes:     COMRAM   BANK0   BANK1   BANK2
      Params:         2       0       0       0
      Locals:         2       0       0       0
      Temps:          0       0       0       0
      Totals:         4       0       0       0
Total ram usage:        4 bytes
 Hardware stack levels used:    1
 Hardware stack levels required when called:    1
 This function calls:
		_WriteSPI
		_ReadSPI
 This function is called by:
		_Write_SPI_Byte
		_main
 This function uses a non-reentrant model


 *************** function _Write_SPI_Page *****************
 Defined at:
		line 84 in file "../PIC18_SPI_Examples.c"
 Parameters:    Size  Location     Type
  address         2    1[COMRAM] unsigned int 
 Auto vars:     Size  Location     Type
  address_lo      1    4[COMRAM] unsigned char 
  address_hi      1    3[COMRAM] unsigned char 
 Return value:  Size  Location     Type
		None               void
 Registers used:
		wreg, status,2, cstack
 Tracked objects:
		On entry : 
		On exit  : 
		Unchanged: 
 Data sizes:     COMRAM   BANK0   BANK1   BANK2
      Params:         2       0       0       0
      Locals:         2       0       0       0
      Temps:          0       0       0       0
      Totals:         4       0       0       0
Total ram usage:        4 bytes
 Hardware stack levels used:    1
 Hardware stack levels required when called:    1
 This function calls:
		_WriteSPI
 This function is called by:
		_main
 This function uses a non-reentrant model


 *************** function _Read_SPI_Byte *****************
 Defined at:
		line 113 in file "../PIC18_SPI_Examples.c"
 Parameters:    Size  Location     Type
  address         2    1[COMRAM] unsigned int 
 Auto vars:     Size  Location     Type
  address_lo      1    5[COMRAM] unsigned char 
  address_hi      1    4[COMRAM] unsigned char 
  data_read       1    3[COMRAM] unsigned char 
 Return value:  Size  Location     Type
                  1    wreg      unsigned char 
 Registers used:
		wreg, status,2, cstack
 Tracked objects:
		On entry : 
		On exit  : 
		Unchanged: 
 Data sizes:     COMRAM   BANK0   BANK1   BANK2
      Params:         2       0       0       0
      Locals:         3       0       0       0
      Temps:          0       0       0       0
      Totals:         5       0       0       0
Total ram usage:        5 bytes
 Hardware stack levels used:    1
 Hardware stack levels required when called:    1
 This function calls:
		_WriteSPI
		_ReadSPI
 This function is called by:
		_main
 This function uses a non-reentrant model


 *************** function _Read_Multiple_SPI_Bytes *****************
 Defined at:
		line 136 in file "../PIC18_SPI_Examples.c"
 Parameters:    Size  Location     Type
  address         2    1[COMRAM] unsigned int 
 Auto vars:     Size  Location     Type
  address_lo      1    4[COMRAM] unsigned char 
  address_hi      1    3[COMRAM] unsigned char 
 Return value:  Size  Location     Type
		None               void
 Registers used:
		wreg, status,2, cstack
 Tracked objects:
		On entry : 
		On exit  : 
		Unchanged: 
 Data sizes:     COMRAM   BANK0   BANK1   BANK2
      Params:         2       0       0       0
      Locals:         2       0       0       0
      Temps:          0       0       0       0
      Totals:         4       0       0       0
Total ram usage:        4 bytes
 Hardware stack levels used:    1
 Hardware stack levels required when called:    1
 This function calls:
		_WriteSPI
 This function is called by:
		_main
 This function uses a non-reentrant model


 *************** function _WriteSPI *****************
 Defined at:
		line 14 in file "plib/SPI/spi_writ.c"
 Parameters:    Size  Location     Type
  data_out        1    wreg     unsigned char 
 Auto vars:     Size  Location     Type
  data_out        1    0[COMRAM] unsigned char 
  TempVar         1    0        unsigned char 
 Return value:  Size  Location     Type
                  1    wreg      char 
 Registers used:
		wreg
 Tracked objects:
		On entry : 
		On exit  : 
		Unchanged: 
 Data sizes:     COMRAM   BANK0   BANK1   BANK2
      Params:         0       0       0       0
      Locals:         1       0       0       0
      Temps:          0       0       0       0
      Totals:         1       0       0       0
Total ram usage:        1 bytes
 Hardware stack levels used:    1
 This function calls:
		Nothing
 This function is called by:
		_Read_SPI_StatusReg
		_Write_SPI_Byte
		_Write_SPI_Page
		_Read_SPI_Byte
		_Read_Multiple_SPI_Bytes
 This function uses a non-reentrant model


 *************** function _OpenSPI *****************
 Defined at:
		line 15 in file "plib/SPI/spi_open.c"
 Parameters:    Size  Location     Type
  sync_mode       1    wreg     unsigned char 
  bus_mode        1    0[COMRAM] unsigned char 
  smp_phase       1    1[COMRAM] unsigned char 
 Auto vars:     Size  Location     Type
  sync_mode       1    2[COMRAM] unsigned char 
 Return value:  Size  Location     Type
		None               void
 Registers used:
		wreg, status,2, status,0
 Tracked objects:
		On entry : 
		On exit  : 
		Unchanged: 
 Data sizes:     COMRAM   BANK0   BANK1   BANK2
      Params:         2       0       0       0
      Locals:         1       0       0       0
      Temps:          0       0       0       0
      Totals:         3       0       0       0
Total ram usage:        3 bytes
 Hardware stack levels used:    1
 This function calls:
		Nothing
 This function is called by:
		_main
 This function uses a non-reentrant model


 *************** function _putsSPI *****************
 Defined at:
		line 13 in file "plib/SPI/spi_puts.c"
 Parameters:    Size  Location     Type
  wrptr           1    wreg     PTR unsigned char 
		 -> main@data_string(17), 
 Auto vars:     Size  Location     Type
  wrptr           1    0[COMRAM] PTR unsigned char 
		 -> main@data_string(17), 
 Return value:  Size  Location     Type
		None               void
 Registers used:
		wreg, fsr2l, fsr2h, status,2, status,0
 Tracked objects:
		On entry : 
		On exit  : 
		Unchanged: 
 Data sizes:     COMRAM   BANK0   BANK1   BANK2
      Params:         0       0       0       0
      Locals:         1       0       0       0
      Temps:          0       0       0       0
      Totals:         1       0       0       0
Total ram usage:        1 bytes
 Hardware stack levels used:    1
 This function calls:
		Nothing
 This function is called by:
		_main
 This function uses a non-reentrant model


 *************** function _getsSPI *****************
 Defined at:
		line 15 in file "plib/SPI/spi_gets.c"
 Parameters:    Size  Location     Type
  rdptr           1    wreg     PTR unsigned char 
		 -> main@incoming_data_string(20), 
  length          1    0[COMRAM] unsigned char 
 Auto vars:     Size  Location     Type
  rdptr           1    1[COMRAM] PTR unsigned char 
		 -> main@incoming_data_string(20), 
 Return value:  Size  Location     Type
		None               void
 Registers used:
		wreg, fsr2l, fsr2h, status,2, status,0, cstack
 Tracked objects:
		On entry : 
		On exit  : 
		Unchanged: 
 Data sizes:     COMRAM   BANK0   BANK1   BANK2
      Params:         1       0       0       0
      Locals:         1       0       0       0
      Temps:          0       0       0       0
      Totals:         2       0       0       0
Total ram usage:        2 bytes
 Hardware stack levels used:    1
 Hardware stack levels required when called:    1
 This function calls:
		_ReadSPI
 This function is called by:
		_main
 This function uses a non-reentrant model


 *************** function _ReadSPI *****************
 Defined at:
		line 13 in file "plib/SPI/spi_read.c"
 Parameters:    Size  Location     Type
		None
 Auto vars:     Size  Location     Type
  TempVar         1    0        unsigned char 
 Return value:  Size  Location     Type
                  1    wreg      unsigned char 
 Registers used:
		wreg, status,2
 Tracked objects:
		On entry : 
		On exit  : 
		Unchanged: 
 Data sizes:     COMRAM   BANK0   BANK1   BANK2
      Params:         0       0       0       0
      Locals:         0       0       0       0
      Temps:          0       0       0       0
      Totals:         0       0       0       0
Total ram usage:        0 bytes
 Hardware stack levels used:    1
 This function calls:
		Nothing
 This function is called by:
		_Read_SPI_StatusReg
		_Read_SPI_Byte
		_getsSPI
 This function uses a non-reentrant model



MODULE INFORMATION

Module		Function		Class		Link	Load	Size
plib/SPI/spi_read.c
		_ReadSPI       		CODE           	3DAE	0000	14

plib/SPI/spi_read.c estimated size: 14

shared
		__initializatio		CODE           	3E5E	0000	32

shared estimated size: 32

../PIC18_SPI_Examples.c
		_Read_Multiple_		CODE           	3E02	0000	28
		_Read_SPI_Statu		CODE           	3E1E	0000	28
		_main          		CODE           	3F6A	0000	4294967152
		_Write_SPI_Page		CODE           	3EAC	0000	46
		_Write_SPI_Byte		CODE           	3EDA	0000	64
		_Read_SPI_Byte 		CODE           	3E84	0000	40

../PIC18_SPI_Examples.c estimated size: 62

plib/SPI/spi_puts.c
		_putsSPI       		CODE           	3E3A	0000	36

plib/SPI/spi_puts.c estimated size: 36

plib/SPI/spi_open.c
		_OpenSPI       		CODE           	3F1A	0000	80

plib/SPI/spi_open.c estimated size: 80

plib/SPI/spi_gets.c
		_getsSPI       		CODE           	3DE6	0000	28

plib/SPI/spi_gets.c estimated size: 28

plib/SPI/spi_writ.c
		_WriteSPI      		CODE           	3DCE	0000	24

plib/SPI/spi_writ.c estimated size: 24

